// Jest Snapshot v1, https://goo.gl/fbAQLP

exports[`Toucan Core functionality captureMessage 1`] = `
{
  "body": {},
  "bodyTimeout": 300000,
  "headers": {
    "accept-encoding": "br, gzip, deflate",
    "content-length": "196",
    "content-type": "application/json",
    "mf-loop": "1",
    "user-agent": "__name__/__version__",
  },
  "headersTimeout": 300000,
  "maxRedirections": 0,
  "method": "POST",
  "origin": "https://testorg.ingest.sentry.io",
  "path": "/api/123/store/?sentry_key=123&sentry_version=7",
}
`;
