// Jest Snapshot v1, https://goo.gl/fbAQLP

exports[`Toucan captureException 1`] = `
Object {
  "breadcrumbs": Array [],
  "event_id": "651b177fe1cb4ac89e15c1ecd2cb1d0a",
  "exception": Object {
    "values": Array [
      Object {
        "stacktrace": Object {
          "frames": Array [
            Object {
              "colno": 15,
              "filename": "C:\\\\Users\\\\Robert\\\\git\\\\toucan-js\\\\test\\\\index.spec.ts",
              "lineno": 88,
            },
            Object {
              "colno": 4,
              "filename": "C:\\\\Users\\\\Robert\\\\git\\\\toucan-js\\\\node_modules\\\\service-worker-mock\\\\utils\\\\eventHandler.js",
              "function": "handleEvent",
              "lineno": 39,
            },
            Object {
              "colno": 14,
              "filename": "C:\\\\Users\\\\Robert\\\\git\\\\toucan-js\\\\node_modules\\\\service-worker-mock\\\\utils\\\\eventHandler.js",
              "function": "eventHandler",
              "lineno": 45,
            },
            Object {
              "colno": 16,
              "filename": "C:\\\\Users\\\\Robert\\\\git\\\\toucan-js\\\\node_modules\\\\service-worker-mock\\\\index.js",
              "function": "ServiceWorkerGlobalScope.trigger",
              "lineno": 121,
            },
            Object {
              "colno": 14,
              "filename": "C:\\\\Users\\\\Robert\\\\git\\\\toucan-js\\\\test\\\\helpers.ts",
              "function": "Object.exports.triggerFetchAndWait",
              "lineno": 68,
            },
            Object {
              "colno": 11,
              "filename": "C:\\\\Users\\\\Robert\\\\git\\\\toucan-js\\\\test\\\\index.spec.ts",
              "function": "Object.<anonymous>",
              "lineno": 97,
            },
            Object {
              "colno": 37,
              "filename": "C:\\\\Users\\\\Robert\\\\git\\\\toucan-js\\\\node_modules\\\\jest-jasmine2\\\\build\\\\jasmineAsyncInstall.js",
              "function": "Object.asyncJestTest",
              "lineno": 100,
            },
            Object {
              "colno": 12,
              "filename": "C:\\\\Users\\\\Robert\\\\git\\\\toucan-js\\\\node_modules\\\\jest-jasmine2\\\\build\\\\queueRunner.js",
              "lineno": 45,
            },
            Object {
              "colno": 19,
              "filename": "C:\\\\Users\\\\Robert\\\\git\\\\toucan-js\\\\node_modules\\\\jest-jasmine2\\\\build\\\\queueRunner.js",
              "function": "mapper",
              "lineno": 28,
            },
          ],
        },
        "type": "Error",
        "value": "test",
      },
    ],
  },
  "level": "error",
  "logger": "EdgeWorker",
  "platform": "node",
  "request": Object {
    "method": "GET",
    "url": "https://example.com/",
  },
  "sdk": Object {
    "name": "__name__",
    "version": "__version__",
  },
  "timestamp": 1586752837.868,
}
`;

exports[`Toucan captureException 2`] = `"651b177fe1cb4ac89e15c1ecd2cb1d0a"`;

exports[`Toucan captureMessage 1`] = `
Object {
  "breadcrumbs": Array [],
  "event_id": "651b177fe1cb4ac89e15c1ecd2cb1d0a",
  "level": "info",
  "logger": "EdgeWorker",
  "message": "test",
  "platform": "node",
  "request": Object {
    "method": "GET",
    "url": "https://example.com/",
  },
  "sdk": Object {
    "name": "__name__",
    "version": "__version__",
  },
  "timestamp": 1586752837.868,
}
`;

exports[`Toucan captureMessage 2`] = `"651b177fe1cb4ac89e15c1ecd2cb1d0a"`;
